---
source: src/metrics/abc.rs
expression: metric.abc
---
{
  "assignments": 0,
  "branches": 2,
  "conditions": 6,
  "magnitude": 6.324555320336759,
  "value": 0.0,
  "assignments_average": 0.0,
  "branches_average": 1.0,
  "conditions_average": 3.0,
  "assignments_min": 0,
  "assignments_max": 0,
  "branches_min": 0,
  "branches_max": 2,
  "conditions_min": 0,
  "conditions_max": 6
}
