---
source: src/metrics/halstead.rs
expression: metric.halstead
---
{
  "unique_operators": 1,
  "total_operators": 2,
  "unique_operands": 4,
  "total_operands": 4,
  "length": 6,
  "estimated_program_length": 8.0,
  "purity_ratio": 1.3333333333333333,
  "vocabulary": 5,
  "volume": 13.931568569324174,
  "difficulty": 0.5,
  "level": 2.0,
  "effort": 6.965784284662087,
  "time": 0.3869880158145604,
  "bugs": 0.001215790538742808
}
