---
source: src/metrics/loc.rs
expression: metric.loc
---
{
  "sloc": 6,
  "ploc": 6,
  "lloc": 5,
  "cloc": 0,
  "blank": 0,
  "sloc_average": 1.5,
  "ploc_average": 1.5,
  "lloc_average": 1.25,
  "cloc_average": 0.0,
  "blank_average": 0.0,
  "sloc_min": 1,
  "sloc_max": 6,
  "cloc_min": 0,
  "cloc_max": 0,
  "ploc_min": 1,
  "ploc_max": 6,
  "lloc_min": 1,
  "lloc_max": 5,
  "blank_min": 0,
  "blank_max": 0
}
