---
source: src/metrics/loc.rs
expression: metric.loc
---
{
  "sloc": 15.0,
  "ploc": 12.0,
  "lloc": 5.0,
  "cloc": 1.0,
  "blank": 2.0,
  "sloc_average": 5.0,
  "ploc_average": 4.0,
  "lloc_average": 1.6666666666666667,
  "cloc_average": 0.3333333333333333,
  "blank_average": 0.6666666666666666,
  "sloc_min": 6.0,
  "sloc_max": 15.0,
  "cloc_min": 0.0,
  "cloc_max": 1.0,
  "ploc_min": 6.0,
  "ploc_max": 12.0,
  "lloc_min": 3.0,
  "lloc_max": 5.0,
  "blank_min": 0.0,
  "blank_max": 2.0
}
