---
source: src/metrics/nargs.rs
expression: metric.nargs
---
{
  "function_args": 3,
  "closure_args": 0,
  "function_args_average": 1.5,
  "closure_args_average": 0.0,
  "total": 3,
  "average": 1.5,
  "function_args_min": 0,
  "function_args_max": 2,
  "closure_args_min": 0,
  "closure_args_max": 0
}
