---
source: src/metrics/nargs.rs
expression: metric.nargs
---
{
  "function_args": 2,
  "closure_args": 0,
  "function_args_average": 2.0,
  "closure_args_average": 0.0,
  "total": 2,
  "average": 2.0,
  "function_args_min": 0,
  "function_args_max": 2,
  "closure_args_min": 0,
  "closure_args_max": 0
}
