---
source: src/metrics/loc.rs
expression: metric.loc
---
{
  "sloc": 8,
  "ploc": 8,
  "lloc": 3,
  "cloc": 0,
  "blank": 0,
  "sloc_average": 2.6666666666666665,
  "ploc_average": 2.6666666666666665,
  "lloc_average": 1.0,
  "cloc_average": 0.0,
  "blank_average": 0.0,
  "sloc_min": 3,
  "sloc_max": 8,
  "cloc_min": 0,
  "cloc_max": 0,
  "ploc_min": 3,
  "ploc_max": 8,
  "lloc_min": 1,
  "lloc_max": 3,
  "blank_min": 0,
  "blank_max": 0
}
