---
source: src/metrics/abc.rs
expression: metric.abc
---
{
  "assignments": 6.0,
  "branches": 1.0,
  "conditions": 4.0,
  "magnitude": 7.280109889280518,
  "assignments_average": 3.0,
  "branches_average": 0.5,
  "conditions_average": 2.0,
  "assignments_min": 0.0,
  "assignments_max": 6.0,
  "branches_min": 0.0,
  "branches_max": 1.0,
  "conditions_min": 0.0,
  "conditions_max": 4.0
}
