---
source: src/metrics/npa.rs
expression: metric.npa
---
{
  "classes": 12.0,
  "interfaces": 0.0,
  "class_attributes": 18.0,
  "interface_attributes": 0.0,
  "classes_average": 0.6666666666666666,
  "interfaces_average": null,
  "total": 12.0,
  "total_attributes": 18.0,
  "average": 0.6666666666666666
}
