---
source: src/metrics/halstead.rs
expression: metric.halstead
---
{
  "unique_operators": 2,
  "total_operators": 3,
  "unique_operands": 4,
  "total_operands": 4,
  "length": 7,
  "estimated_program_length": 10.0,
  "purity_ratio": 1.4285714285714286,
  "vocabulary": 6,
  "volume": 18.094737505048094,
  "difficulty": 1.0,
  "level": 1.0,
  "effort": 18.094737505048094,
  "time": 1.0052631947248942,
  "bugs": 0.0022974545934948596
}
