---
source: src/metrics/halstead.rs
expression: metric.halstead
---
{
  "unique_operators": 3,
  "total_operators": 5,
  "unique_operands": 5,
  "total_operands": 5,
  "length": 10,
  "estimated_program_length": 16.36452797660028,
  "purity_ratio": 1.6364527976600278,
  "vocabulary": 8,
  "volume": 30.0,
  "difficulty": 1.5,
  "level": 0.6666666666666666,
  "effort": 45.0,
  "time": 2.5,
  "bugs": 0.004217163326508746
}
