---
source: src/metrics/nargs.rs
expression: metric.nargs
---
{
  "function_args": 0.0,
  "closure_args": 0.0,
  "function_args_average": 0.0,
  "closure_args_average": 0.0,
  "total": 0.0,
  "average": 0.0,
  "function_args_min": 0.0,
  "function_args_max": 0.0,
  "closure_args_min": 0.0,
  "closure_args_max": 0.0
}
