---
source: src/metrics/abc.rs
expression: metric.abc
---
{
  "assignments": 7,
  "branches": 1,
  "conditions": 4,
  "magnitude": 8.12403840463596,
  "value": 0.0,
  "assignments_average": 3.5,
  "branches_average": 0.5,
  "conditions_average": 2.0,
  "assignments_min": 0,
  "assignments_max": 7,
  "branches_min": 0,
  "branches_max": 1,
  "conditions_min": 0,
  "conditions_max": 4
}
