---
source: src/metrics/halstead.rs
expression: metric.halstead
---
{
  "unique_operators": 4,
  "total_operators": 4,
  "unique_operands": 4,
  "total_operands": 5,
  "length": 9,
  "estimated_program_length": 16.0,
  "purity_ratio": 1.7777777777777777,
  "vocabulary": 8,
  "volume": 27.0,
  "difficulty": 2.5,
  "level": 0.4,
  "effort": 67.5,
  "time": 3.75,
  "bugs": 0.005526047247960579
}
