---
source: src/metrics/abc.rs
expression: metric.abc
---
{
  "assignments": 1.0,
  "branches": 4.0,
  "conditions": 2.0,
  "magnitude": 4.58257569495584,
  "assignments_average": 1.0,
  "branches_average": 4.0,
  "conditions_average": 2.0,
  "assignments_min": 1.0,
  "assignments_max": 1.0,
  "branches_min": 4.0,
  "branches_max": 4.0,
  "conditions_min": 2.0,
  "conditions_max": 2.0
}
