---
source: src/output/warning_line.rs
expression: render_clang(&offenders)
---
src/alpha.rs:42:5: warning: cyclomatic 17 exceeds limit 15 [big-code-analysis-cyclomatic]
src/alpha.rs:42:5: warning: loc.lloc 250 exceeds limit 100 [big-code-analysis-loc.lloc]
src/zeta.rs:42:1: error: cognitive 30 exceeds limit 15 [big-code-analysis-cognitive]
