---
source: big-code-analysis-cli/src/vcs_report.rs
expression: md
---
# Change-history risk

_Long window 365d, recent window 90d, risk formula v1, schema v1._

| Rank | File               | Risk | Commits (recent) | Commits (total) | Churn (recent) | Churn (total) | Authors (recent) | Authors (total) | Ownership | Burst | Bug fixes | Sec fixes | Reverts | Age (d) | Last mod (d) | Change entropy (recent) | Change entropy (total) | Co-change entropy (recent) | Co-change entropy (total) | Hotspot |
| ---: | ------------------ | ---: | ---------------: | --------------: | -------------: | ------------: | ---------------: | --------------: | --------: | ----: | --------: | --------: | ------: | ------: | -----------: | ----------------------: | ---------------------: | -------------------------: | ------------------------: | ------: |
|    1 | src/hot.rs         |  9.4 |               50 |              60 |           2000 |          5000 |                2 |               3 |      0.75 |  0.50 |         4 |         1 |       0 |     200 |            5 |                    1.50 |                   2.50 |                       0.80 |                      1.20 |   123.0 |
|    2 | src/warm.rs        |  6.1 |               20 |              30 |            800 |          2000 |                2 |               3 |      0.75 |  0.50 |         4 |         1 |       0 |     200 |            5 |                    1.50 |                   2.50 |                       0.80 |                      1.20 |         |
|    3 | docs/with\|pipe.md |  2.0 |                1 |              11 |             40 |           100 |                2 |               3 |      0.75 |  0.50 |         4 |         1 |       0 |     200 |            5 |                    1.50 |                   2.50 |                       0.80 |                      1.20 |         |

### Bus factor

_Avelino Degree-of-Authorship, coverage threshold 0.50._

**Repository:** 2 (over 3 file(s)).

| Directory | Bus factor | Files |
| --------- | ---------: | ----: |
| docs      |          1 |     1 |
| src       |          2 |     2 |

### Legend

- **Risk** — Composite change-history risk score: recent churn and commit frequency dominate, raised by author dilution, bug-/security-fix history, and newness.
- **Commits (recent)** — Distinct commits that touched this file within the analysis window.
- **Commits (total)** — Distinct commits that touched this file within the analysis window.
- **Churn (recent)** — Lines added + deleted to this file within the analysis window.
- **Churn (total)** — Lines added + deleted to this file within the analysis window.
- **Authors (recent)** — Distinct authors who touched this file within the analysis window.
- **Authors (total)** — Distinct authors who touched this file within the analysis window.
- **Ownership** — Top-author edit share (0–1): fraction of edits by the single most active author; lower means more diluted ownership.
- **Burst** — Recency of change (0–1): recent commits as a share of long-window commits.
- **Bug fixes** — Commits classified as bug fixes (by message) within the long window.
- **Sec fixes** — Commits classified as security fixes (by message) within the long window; weighted more heavily than bug fixes.
- **Reverts** — Revert commits touching this file within the long window.
- **Age (d)** — Days since the first in-window commit touching this file (capped at the long window).
- **Last mod (d)** — Days since the most recent in-window commit touching this file.
- **Change entropy (recent)** — Change entropy (bits): how scattered the changes to this file are across commits (Hassan 2009). Higher means more diffuse, fault-prone change.
- **Change entropy (total)** — Change entropy (bits): how scattered the changes to this file are across commits (Hassan 2009). Higher means more diffuse, fault-prone change.
- **Co-change entropy (recent)** — Co-change entropy (bits): how widely changes to this file ripple to other files. Higher means coupling to many different partners.
- **Co-change entropy (total)** — Co-change entropy (bits): how widely changes to this file ripple to other files. Higher means coupling to many different partners.
- **Hotspot** — Complexity × recent churn: high-complexity files that also change often. Shown only when AST metrics are joined (e.g. report --vcs); omitted by plain bca vcs.
- **Bus factor** — Avelino Degree-of-Authorship bus factor: minimum authors covering this directory's code ownership above the coverage threshold.
- **Files** — Files in this directory contributing to its bus factor.
