---
source: big-code-analysis-cli/src/markdown_report.rs
expression: out
---
# Code Quality Metrics Summary

**Files analyzed:** 3    **Languages:** Python, Rust
**Total SLOC:** 400  **PLOC:** 290  **Comments:** 30
**Functions/methods:** 10    **Classes/impls/traits:** 1
**Comment ratio:** 7.5%

## Per-language overview

| Language | Files | SLOC | Functions | Avg MI | Avg CC | Avg Cognitive |
| -------- | ----: | ---: | --------: | -----: | -----: | ------------: |
| Python   |     1 |  120 |         2 |   28.0 |    8.5 |           9.0 |
| Rust     |     2 |  280 |         8 |   28.5 |   23.4 |          22.6 |

## Python

### Summary

Files: 1 | SLOC: 120 | PLOC: 25 | Comment ratio: 4.2%
Average MI: 28.0 (GOOD)

### Maintainability Index (lowest files, top-5)

| File        |   MI | SLOC | Tokens |
| ----------- | ---: | ---: | -----: |
| src/main.py | 28.0 |  120 |    800 |

### Cyclomatic Complexity Hotspots

| Function    | File        | Line |  CC | Cognitive | SLOC | Tokens |
| ----------- | ----------- | ---: | --: | --------: | ---: | -----: |
| `main`      | src/main.py |   10 |  10 |        12 |   60 |    300 |
| `load_data` | src/main.py |   40 |   7 |         6 |   35 |    180 |

Average CC: 8.5 | Max: 10 | CC > 10: 0 functions | CC > 20: 0 functions (excluding suppressed functions)

### Cognitive Complexity Hotspots

| Function    | File        | Line | Cognitive |  CC | SLOC | Tokens |
| ----------- | ----------- | ---: | --------: | --: | ---: | -----: |
| `main`      | src/main.py |   10 |        12 |  10 |   60 |    300 |
| `load_data` | src/main.py |   40 |         6 |   7 |   35 |    180 |

### Halstead Effort Hotspots

| Function    | File        | Line | Effort | Volume | Est. Bugs | SLOC | Tokens |
| ----------- | ----------- | ---: | -----: | -----: | --------: | ---: | -----: |
| `main`      | src/main.py |   10 |   2000 |   1000 |      0.33 |   60 |    300 |
| `load_data` | src/main.py |   40 |   1200 |    600 |      0.23 |   35 |    180 |

### Largest Functions by SLOC

| Function    | File        | Line | SLOC | Tokens |  CC | Cognitive |
| ----------- | ----------- | ---: | ---: | -----: | --: | --------: |
| `main`      | src/main.py |   10 |   60 |    300 |  10 |        12 |
| `load_data` | src/main.py |   40 |   35 |    180 |   7 |         6 |

### Functions With Many Parameters (>3)

| Function    | File        | Line | Args | SLOC | Tokens |
| ----------- | ----------- | ---: | ---: | ---: | -----: |
| `load_data` | src/main.py |   40 |    4 |   35 |    180 |

### Actionable Summary

Raw counts across all functions, ignoring suppression markers.

- **1** functions with more than 3 parameters

### Functions with the most exit points (NEXITS)

| Function    | File        | Line | Exits |  CC | SLOC | Tokens |
| ----------- | ----------- | ---: | ----: | --: | ---: | -----: |
| `main`      | src/main.py |   10 |     2 |  10 |   60 |    300 |
| `load_data` | src/main.py |   40 |     2 |   7 |   35 |    180 |

### ABC Magnitude Hotspots

| Function    | File        | Line | ABC | SLOC | Tokens |
| ----------- | ----------- | ---: | --: | ---: | -----: |
| `main`      | src/main.py |   10 | 9.0 |   60 |    300 |
| `load_data` | src/main.py |   40 | 7.0 |   35 |    180 |

## Rust

### Summary

Files: 2 | SLOC: 280 | PLOC: 265 | Comment ratio: 8.9%
Average MI: 28.5 (GOOD)

### Maintainability Index (lowest files, top-5)

| File        |   MI | SLOC | Tokens |
| ----------- | ---: | ---: | -----: |
| src/lib.rs  | 12.0 |  200 |  1,500 |
| src/util.rs | 45.0 |   80 |    600 |

### Cyclomatic Complexity Hotspots

| Function          | File       | Line |  CC | Cognitive | SLOC | Tokens |
| ----------------- | ---------- | ---: | --: | --------: | ---: | -----: |
| `process_request` | src/lib.rs |   10 |  25 |        30 |  150 |    900 |
| `validate_input`  | src/lib.rs |   40 |  20 |        24 |  120 |    700 |
| `parse_config`    | src/lib.rs |   70 |  15 |        18 |   90 |    500 |
| `handle_event`    | src/lib.rs |  100 |  12 |        14 |   70 |    400 |
| `compute_score`   | src/lib.rs |  130 |   8 |         9 |   40 |    200 |

Average CC: 12.6 | Max: 25 | CC > 10: 4 functions | CC > 20: 1 functions (excluding suppressed functions)

### Cognitive Complexity Hotspots

| Function          | File       | Line | Cognitive |  CC | SLOC | Tokens |
| ----------------- | ---------- | ---: | --------: | --: | ---: | -----: |
| `secret_internal` | src/lib.rs |  220 |        80 |  99 |  300 |  2,000 |
| `process_request` | src/lib.rs |   10 |        30 |  25 |  150 |    900 |
| `validate_input`  | src/lib.rs |   40 |        24 |  20 |  120 |    700 |
| `parse_config`    | src/lib.rs |   70 |        18 |  15 |   90 |    500 |
| `handle_event`    | src/lib.rs |  100 |        14 |  12 |   70 |    400 |

### Halstead Effort Hotspots

| Function          | File       | Line | Effort | Volume | Est. Bugs | SLOC | Tokens |
| ----------------- | ---------- | ---: | -----: | -----: | --------: | ---: | -----: |
| `secret_internal` | src/lib.rs |  220 |  20000 |  10000 |      3.30 |  300 |  2,000 |
| `process_request` | src/lib.rs |   10 |   9000 |   4500 |      0.83 |  150 |    900 |
| `validate_input`  | src/lib.rs |   40 |   7000 |   3500 |      0.67 |  120 |    700 |
| `parse_config`    | src/lib.rs |   70 |   5000 |   2500 |      0.50 |   90 |    500 |
| `handle_event`    | src/lib.rs |  100 |   3000 |   1500 |      0.40 |   70 |    400 |

### Largest Functions by SLOC

| Function          | File       | Line | SLOC | Tokens |  CC | Cognitive |
| ----------------- | ---------- | ---: | ---: | -----: | --: | --------: |
| `secret_internal` | src/lib.rs |  220 |  300 |  2,000 |  99 |        80 |
| `process_request` | src/lib.rs |   10 |  150 |    900 |  25 |        30 |
| `validate_input`  | src/lib.rs |   40 |  120 |    700 |  20 |        24 |
| `parse_config`    | src/lib.rs |   70 |   90 |    500 |  15 |        18 |
| `handle_event`    | src/lib.rs |  100 |   70 |    400 |  12 |        14 |

### Functions With Many Parameters (>3)

| Function          | File       | Line | Args | SLOC | Tokens |
| ----------------- | ---------- | ---: | ---: | ---: | -----: |
| `secret_internal` | src/lib.rs |  220 |    8 |  300 |  2,000 |
| `process_request` | src/lib.rs |   10 |    6 |  150 |    900 |
| `parse_config`    | src/lib.rs |   70 |    5 |   90 |    500 |
| `compute_score`   | src/lib.rs |  130 |    4 |   40 |    200 |

### Actionable Summary

Raw counts across all functions, including 1 suppressed (re-run with --no-suppress to list them).

- **5** functions with CC > 10
- **4** functions with cognitive complexity > 15
- **3** functions with SLOC > 100
- **4** functions with more than 3 parameters
- **1** functions with estimated Halstead bugs > 1.0

### Class/Trait/Impl Hotspots (WMC)

| Class    | File       | Line | WMC | Methods | NPA | NPM | SLOC | Tokens |
| -------- | ---------- | ---: | --: | ------: | --: | --: | ---: | -----: |
| `Widget` | src/lib.rs |  250 |  40 |       8 |   2 |   6 |  180 |  1,100 |

### Functions with the most exit points (NEXITS)

| Function          | File       | Line | Exits |  CC | SLOC | Tokens |
| ----------------- | ---------- | ---: | ----: | --: | ---: | -----: |
| `secret_internal` | src/lib.rs |  220 |    10 |  99 |  300 |  2,000 |
| `handle_event`    | src/lib.rs |  100 |     6 |  12 |   70 |    400 |
| `process_request` | src/lib.rs |   10 |     4 |  25 |  150 |    900 |
| `parse_config`    | src/lib.rs |   70 |     3 |  15 |   90 |    500 |
| `validate_input`  | src/lib.rs |   40 |     2 |  20 |  120 |    700 |

### ABC Magnitude Hotspots

| Function          | File       | Line |  ABC | SLOC | Tokens |
| ----------------- | ---------- | ---: | ---: | ---: | -----: |
| `secret_internal` | src/lib.rs |  220 | 50.0 |  300 |  2,000 |
| `process_request` | src/lib.rs |   10 | 22.0 |  150 |    900 |
| `validate_input`  | src/lib.rs |   40 | 18.0 |  120 |    700 |
| `parse_config`    | src/lib.rs |   70 | 14.0 |   90 |    500 |
| `handle_event`    | src/lib.rs |  100 | 10.0 |   70 |    400 |

### Legend

- **MI** — Maintainability Index (Visual Studio scale, 0–100): composite of Halstead volume, cyclomatic complexity, and SLOC; higher is more maintainable.
- **SLOC** — Source Lines Of Code: total physical lines, including blanks and comments.
- **Tokens** — Total lexical tokens (AST leaves excluding comments) of the function or file.
- **CC** — Cyclomatic Complexity: number of linearly independent control-flow paths through the function.
- **Cognitive** — Cognitive Complexity: how hard the code is for a human to follow; nesting and breaks in linear flow add weight.
- **Effort** — Halstead effort: estimated mental effort to (re)create the code.
- **Volume** — Halstead volume: program length weighted by vocabulary size.
- **Est. Bugs** — Halstead bugs: estimated defect count derived from program volume.
- **Args** — Number of declared parameters of the function.
- **WMC** — Weighted Methods per Class: sum of cyclomatic complexity across the class's methods.
- **Methods** — Number of methods declared on the class.
- **NPA** — Number of Public Attributes declared on the class.
- **NPM** — Number of Public Methods declared on the class.
- **Exits** — Number of exit points (returns, throws, breaks out of the function).
- **ABC** — ABC magnitude: sqrt(A² + B² + C²) over Assignments, Branches, and Conditions.
