---
source: tests/sarif_test.rs
expression: out
---
{
  "$schema": "https://json.schemastore.org/sarif-2.1.0.json",
  "version": "2.1.0",
  "runs": [
    {
      "tool": {
        "driver": {
          "name": "big-code-analysis",
          "version": "0.0.25",
          "rules": []
        }
      },
      "results": []
    }
  ]
}
